// Vitest Snapshot v1, https://vitest.dev/guide/snapshot.html

exports[`正常运行 1`] = `
AnalysisResult {
  "Eq": 2.4,
  "LeftLeft": 0,
  "LeftRight": 6,
  "RightLeft": 7,
  "RightRight": 2,
  "_Eq10": 24,
  "_hp": [
    0,
    6,
    7,
    2,
  ],
  "_l": " ",
  "_l2": "b",
  "_t": "b ",
  "codeLength": 16,
  "codeLengthDist": [
    0,
    5,
    2,
    0,
    0,
    0,
  ],
  "collision": 0,
  "collisionChar": 7,
  "collisionDist": [
    7,
    0,
    0,
  ],
  "collisionKeys": " 23456789",
  "combo": 15,
  "comboDist": Map {},
  "commit": 7,
  "commitLength": 4,
  "double": 0,
  "fingersDist": [
    8,
    4,
    1,
    0,
    5,
    0,
    0,
    0,
    0,
    0,
    0,
  ],
  "hanzi": 7,
  "kbdRowDist": [
    8,
    0,
    5,
    5,
  ],
  "keys": 36,
  "keysDist": {
    " ": 8,
    "'": 0,
    ",": 0,
    "-": 0,
    ".": 0,
    "/": 0,
    "0": 0,
    "1": 0,
    "2": 0,
    "3": 0,
    "4": 0,
    "5": 0,
    "6": 0,
    "7": 0,
    "8": 0,
    "9": 0,
    ";": 0,
    "=": 0,
    "[": 0,
    "]": 0,
    "\`": 0,
    "a": 4,
    "b": 5,
    "c": 0,
    "d": 0,
    "e": 0,
    "f": 0,
    "g": 0,
    "h": 0,
    "i": 0,
    "j": 0,
    "k": 0,
    "l": 0,
    "m": 0,
    "n": 0,
    "o": 0,
    "p": 0,
    "q": 0,
    "r": 0,
    "s": 1,
    "t": 0,
    "u": 0,
    "v": 0,
    "w": 0,
    "x": 0,
    "y": 0,
    "z": 0,
    "←": 0,
    "↑": 0,
    "→": 0,
    "↩": 0,
  },
  "lack": 1,
  "lackCounter": Map {
    "也" => 1,
  },
  "littleFD": 0,
  "longFD": 0,
  "multiSpan": 0,
  "sameFingers": 2,
  "singleSpan": 0,
  "trible": 0,
  "words": 2,
  "wordsChar": 0,
  "wordsDist": [
    7,
    0,
    0,
  ],
}
`;
